PS C:\...\PROYECTO_FINAL\liqui_mgm24_sql59430> git init
Reinitialized existing Git repository in C:/.../PROYECTO_FINAL/liqui_mgm24_sql59430/.git/
PS C:\...\PROYECTO_FINAL\liqui_mgm24_sql59430> git add .
warning: in the working copy of 'BACKUPS/backups.sh', LF will be replaced by CRLF the next time Git touches it
warning: in the working copy of 'CSV/emp_cargo.csv', LF will be replaced by CRLF the next time Git touches it
warning: in the working copy of 'CSV/empleado.csv', LF will be replaced by CRLF the next time Git touches it
warning: in the working copy of 'estructura.sql', LF will be replaced by CRLF the next time Git touches it
PS C:\...\PROYECTO_FINAL\liqui_mgm24_sql59430> git commit -m "carga repositorio"
Author identity unknown

*** Please tell me who you are.

Run

  git config --global user.email "you@example.com"
  git config --global user.name "Your Name"

to set your account's default identity.
Omit --global to set the identity only in this repository.

PS C:\Users\pc\Documents\MAURO\CURSOS\SQL\CONTENIDO\PROYECTO_FINAL\liqui_mgm24_sql59430> git config --global user.email "maurogmen@gmail.com"
PS C:\Users\pc\Documents\MAURO\CURSOS\SQL\CONTENIDO\PROYECTO_FINAL\liqui_mgm24_sql59430> git config --global user.name "maumendieta"
PS C:\Users\pc\Documents\MAURO\CURSOS\SQL\CONTENIDO\PROYECTO_FINAL\liqui_mgm24_sql59430> git commit -m "carga repositorio"
[master (root-commit) 7845126] carga repositorio
 19 files changed, 2341 insertions(+)
 create mode 100644 BACKUPS/backups.sh
 create mode 100644 BACKUPS/bk1_liqui_escuela.sql
 create mode 100644 CSV/cargo.csv
 create mode 100644 CSV/emp_cargo.csv
 create mode 100644 CSV/empleado.csv
 create mode 100644 CSV/inserts.sql
 create mode 100644 DER_LIQUI_ESCUELA.jpg
 create mode 100644 OBJETOS/eventos.sql
 create mode 100644 OBJETOS/funciones.sql
 create mode 100644 OBJETOS/procedimientos.sql
 create mode 100644 OBJETOS/triggers.sql
 create mode 100644 OBJETOS/usuarios.sql
 create mode 100644 OBJETOS/vistas.sql
 create mode 100644 WB-DER_liqui_escuela_2da_entrega.mwb
 create mode 100644 WB-DER_liqui_escuela_proyecto_final.mwb
 create mode 100644 WB-DER_liqui_escuela_proyecto_final.mwb.bak
 create mode 100644 eb-der-liqui_escuela.pdf
 create mode 100644 estructura.sql
 create mode 100644 readme.txt
PS C:\...\PROYECTO_FINAL\liqui_mgm24_sql59430> git branch -M main
PS C:\...\SQL\CONTENIDO\PROYECTO_FINAL\liqui_mgm24_sql59430> git remote add origin https://github.com/maumendieta/maumendieta-proyecto_final.git           
error: remote origin already exists.
PS C:\...\CONTENIDO\PROYECTO_FINAL\liqui_mgm24_sql59430> git remote set-url origin https://github.com/maumendieta/maumendieta-proyecto_final.git
PS C:\...\CONTENIDO\PROYECTO_FINAL\liqui_mgm24_sql59430> git push -u origin main
info: please complete authentication in your browser...
Enumerating objects: 24, done.
Counting objects: 100% (24/24), done.
Delta compression using up to 6 threads
Compressing objects: 100% (24/24), done.
Writing objects: 100% (24/24), 584.86 KiB | 6.72 MiB/s, done.
Total 24 (delta 0), reused 0 (delta 0), pack-reused 0 (from 0)
To https://github.com/maumendieta/maumendieta-proyecto_final.git
 * [new branch]      main -> main
branch 'main' set up to track 'origin/main'.
PS C:\...\CONTENIDO\PROYECTO_FINAL\liqui_mgm24_sql59430> 
